Archive member included to satisfy reference by file (symbol)

c:/program files (x86)/atmel/studio/7.0/toolchain/arm/arm-gnu-toolchain/bin/../lib/gcc/arm-none-eabi/6.3.1/thumb/v6-m\libgcc.a(_udivsi3.o)
                              hpl/core/hpl_core_m0plus_base.o (__aeabi_uidiv)
c:/program files (x86)/atmel/studio/7.0/toolchain/arm/arm-gnu-toolchain/bin/../lib/gcc/arm-none-eabi/6.3.1/thumb/v6-m\libgcc.a(_dvmd_tls.o)
                              c:/program files (x86)/atmel/studio/7.0/toolchain/arm/arm-gnu-toolchain/bin/../lib/gcc/arm-none-eabi/6.3.1/thumb/v6-m\libgcc.a(_udivsi3.o) (__aeabi_idiv0)
c:/program files (x86)/atmel/studio/7.0/toolchain/arm/arm-gnu-toolchain/bin/../lib/gcc/arm-none-eabi/6.3.1/thumb/v6-m\libgcc.a(_aeabi_uldivmod.o)
                              hpl/sercom/hpl_sercom.o (__aeabi_uldivmod)
c:/program files (x86)/atmel/studio/7.0/toolchain/arm/arm-gnu-toolchain/bin/../lib/gcc/arm-none-eabi/6.3.1/thumb/v6-m\libgcc.a(_muldi3.o)
                              hpl/sercom/hpl_sercom.o (__aeabi_lmul)
c:/program files (x86)/atmel/studio/7.0/toolchain/arm/arm-gnu-toolchain/bin/../lib/gcc/arm-none-eabi/6.3.1/thumb/v6-m\libgcc.a(_fixunsdfsi.o)
                              hpl/sercom/hpl_sercom.o (__aeabi_d2uiz)
c:/program files (x86)/atmel/studio/7.0/toolchain/arm/arm-gnu-toolchain/bin/../lib/gcc/arm-none-eabi/6.3.1/thumb/v6-m\libgcc.a(_udivmoddi4.o)
                              c:/program files (x86)/atmel/studio/7.0/toolchain/arm/arm-gnu-toolchain/bin/../lib/gcc/arm-none-eabi/6.3.1/thumb/v6-m\libgcc.a(_aeabi_uldivmod.o) (__udivmoddi4)
c:/program files (x86)/atmel/studio/7.0/toolchain/arm/arm-gnu-toolchain/bin/../lib/gcc/arm-none-eabi/6.3.1/thumb/v6-m\libgcc.a(divdf3.o)
                              hpl/sercom/hpl_sercom.o (__aeabi_ddiv)
c:/program files (x86)/atmel/studio/7.0/toolchain/arm/arm-gnu-toolchain/bin/../lib/gcc/arm-none-eabi/6.3.1/thumb/v6-m\libgcc.a(muldf3.o)
                              hpl/sercom/hpl_sercom.o (__aeabi_dmul)
c:/program files (x86)/atmel/studio/7.0/toolchain/arm/arm-gnu-toolchain/bin/../lib/gcc/arm-none-eabi/6.3.1/thumb/v6-m\libgcc.a(subdf3.o)
                              hpl/sercom/hpl_sercom.o (__aeabi_dsub)
c:/program files (x86)/atmel/studio/7.0/toolchain/arm/arm-gnu-toolchain/bin/../lib/gcc/arm-none-eabi/6.3.1/thumb/v6-m\libgcc.a(fixdfsi.o)
                              c:/program files (x86)/atmel/studio/7.0/toolchain/arm/arm-gnu-toolchain/bin/../lib/gcc/arm-none-eabi/6.3.1/thumb/v6-m\libgcc.a(_fixunsdfsi.o) (__aeabi_d2iz)
c:/program files (x86)/atmel/studio/7.0/toolchain/arm/arm-gnu-toolchain/bin/../lib/gcc/arm-none-eabi/6.3.1/thumb/v6-m\libgcc.a(floatsidf.o)
                              hpl/sercom/hpl_sercom.o (__aeabi_i2d)
c:/program files (x86)/atmel/studio/7.0/toolchain/arm/arm-gnu-toolchain/bin/../lib/gcc/arm-none-eabi/6.3.1/thumb/v6-m\libgcc.a(floatunsidf.o)
                              hpl/sercom/hpl_sercom.o (__aeabi_ui2d)
c:/program files (x86)/atmel/studio/7.0/toolchain/arm/arm-gnu-toolchain/bin/../lib/gcc/arm-none-eabi/6.3.1/thumb/v6-m\libgcc.a(_arm_cmpdf2.o)
                              c:/program files (x86)/atmel/studio/7.0/toolchain/arm/arm-gnu-toolchain/bin/../lib/gcc/arm-none-eabi/6.3.1/thumb/v6-m\libgcc.a(_fixunsdfsi.o) (__aeabi_dcmpge)
c:/program files (x86)/atmel/studio/7.0/toolchain/arm/arm-gnu-toolchain/bin/../lib/gcc/arm-none-eabi/6.3.1/thumb/v6-m\libgcc.a(_clzsi2.o)
                              c:/program files (x86)/atmel/studio/7.0/toolchain/arm/arm-gnu-toolchain/bin/../lib/gcc/arm-none-eabi/6.3.1/thumb/v6-m\libgcc.a(divdf3.o) (__clzsi2)
c:/program files (x86)/atmel/studio/7.0/toolchain/arm/arm-gnu-toolchain/bin/../lib/gcc/arm-none-eabi/6.3.1/thumb/v6-m\libgcc.a(_clzdi2.o)
                              c:/program files (x86)/atmel/studio/7.0/toolchain/arm/arm-gnu-toolchain/bin/../lib/gcc/arm-none-eabi/6.3.1/thumb/v6-m\libgcc.a(_udivmoddi4.o) (__clzdi2)
c:/program files (x86)/atmel/studio/7.0/toolchain/arm/arm-gnu-toolchain/bin/../lib/gcc/arm-none-eabi/6.3.1/thumb/v6-m\libgcc.a(eqdf2.o)
                              c:/program files (x86)/atmel/studio/7.0/toolchain/arm/arm-gnu-toolchain/bin/../lib/gcc/arm-none-eabi/6.3.1/thumb/v6-m\libgcc.a(_arm_cmpdf2.o) (__eqdf2)
c:/program files (x86)/atmel/studio/7.0/toolchain/arm/arm-gnu-toolchain/bin/../lib/gcc/arm-none-eabi/6.3.1/thumb/v6-m\libgcc.a(gedf2.o)
                              c:/program files (x86)/atmel/studio/7.0/toolchain/arm/arm-gnu-toolchain/bin/../lib/gcc/arm-none-eabi/6.3.1/thumb/v6-m\libgcc.a(_arm_cmpdf2.o) (__gedf2)
c:/program files (x86)/atmel/studio/7.0/toolchain/arm/arm-gnu-toolchain/bin/../lib/gcc/arm-none-eabi/6.3.1/thumb/v6-m\libgcc.a(ledf2.o)
                              c:/program files (x86)/atmel/studio/7.0/toolchain/arm/arm-gnu-toolchain/bin/../lib/gcc/arm-none-eabi/6.3.1/thumb/v6-m\libgcc.a(_arm_cmpdf2.o) (__ledf2)
[...]
Memory Configuration

Name             Origin             Length             Attributes
rom              0x00000000         0x00040000         xr
ram              0x20000000         0x00008000         xrw
*default*        0x00000000         0xffffffff

Linker script and memory map

LOAD c:/program files (x86)/atmel/studio/7.0/toolchain/arm/arm-gnu-toolchain/bin/../lib/gcc/arm-none-eabi/6.3.1/thumb/v6-m/crti.o
LOAD c:/program files (x86)/atmel/studio/7.0/toolchain/arm/arm-gnu-toolchain/bin/../lib/gcc/arm-none-eabi/6.3.1/thumb/v6-m/crtbegin.o
LOAD c:/program files (x86)/atmel/studio/7.0/toolchain/arm/arm-gnu-toolchain/bin/../lib/gcc/arm-none-eabi/6.3.1/../../../../arm-none-eabi/lib/thumb/v6-m/crt0.o
LOAD A1Task.o
LOAD A2Task.o
LOAD atmel_start.o
LOAD common.o
LOAD Device_Startup/startup_samd21.o
LOAD Device_Startup/system_samd21.o
LOAD driver_init.o
LOAD examples/driver_examples.o
LOAD hal/src/hal_atomic.o
LOAD hal/src/hal_delay.o
LOAD hal/src/hal_gpio.o
LOAD hal/src/hal_init.o
LOAD hal/src/hal_io.o
LOAD hal/src/hal_sleep.o
LOAD hal/src/hal_timer.o
LOAD hal/src/hal_usart_async.o
LOAD hal/utils/src/utils_assert.o
LOAD hal/utils/src/utils_event.o
LOAD hal/utils/src/utils_list.o
LOAD hal/utils/src/utils_ringbuffer.o
LOAD hal/utils/src/utils_syscalls.o
LOAD hpl/core/hpl_core_m0plus_base.o
LOAD hpl/core/hpl_init.o
LOAD hpl/dmac/hpl_dmac.o
LOAD hpl/gclk/hpl_gclk.o
LOAD hpl/pm/hpl_pm.o
LOAD hpl/rtc/hpl_rtc.o
LOAD hpl/sercom/hpl_sercom.o
LOAD hpl/sysctrl/hpl_sysctrl.o
LOAD main.o
LOAD rtos_start.o
LOAD SerialTask.o
LOAD thirdparty/RTOS/freertos/FreeRTOSV8.0.1/rtos_port.o
LOAD thirdparty/RTOS/freertos/FreeRTOSV8.0.1/Source/croutine.o
LOAD thirdparty/RTOS/freertos/FreeRTOSV8.0.1/Source/event_groups.o
LOAD thirdparty/RTOS/freertos/FreeRTOSV8.0.1/Source/list.o
LOAD thirdparty/RTOS/freertos/FreeRTOSV8.0.1/Source/portable/GCC/ARM_CM0/port.o
LOAD thirdparty/RTOS/freertos/FreeRTOSV8.0.1/Source/portable/MemMang/heap_1.o
LOAD thirdparty/RTOS/freertos/FreeRTOSV8.0.1/Source/queue.o
LOAD thirdparty/RTOS/freertos/FreeRTOSV8.0.1/Source/tasks.o
LOAD thirdparty/RTOS/freertos/FreeRTOSV8.0.1/Source/timers.o
START GROUP
LOAD c:/program files (x86)/atmel/studio/7.0/toolchain/arm/arm-gnu-toolchain/bin/../lib/gcc/arm-none-eabi/6.3.1/../../../../arm-none-eabi/lib/thumb/v6-m\libm.a
END GROUP
START GROUP
LOAD c:/program files (x86)/atmel/studio/7.0/toolchain/arm/arm-gnu-toolchain/bin/../lib/gcc/arm-none-eabi/6.3.1/thumb/v6-m\libgcc.a
LOAD c:/program files (x86)/atmel/studio/7.0/toolchain/arm/arm-gnu-toolchain/bin/../lib/gcc/arm-none-eabi/6.3.1/../../../../arm-none-eabi/lib/thumb/v6-m\libc_nano.a
END GROUP
START GROUP
LOAD c:/program files (x86)/atmel/studio/7.0/toolchain/arm/arm-gnu-toolchain/bin/../lib/gcc/arm-none-eabi/6.3.1/thumb/v6-m\libgcc.a
LOAD c:/program files (x86)/atmel/studio/7.0/toolchain/arm/arm-gnu-toolchain/bin/../lib/gcc/arm-none-eabi/6.3.1/../../../../arm-none-eabi/lib/thumb/v6-m\libc_nano.a
END GROUP
LOAD c:/program files (x86)/atmel/studio/7.0/toolchain/arm/arm-gnu-toolchain/bin/../lib/gcc/arm-none-eabi/6.3.1/thumb/v6-m/crtend.o
LOAD c:/program files (x86)/atmel/studio/7.0/toolchain/arm/arm-gnu-toolchain/bin/../lib/gcc/arm-none-eabi/6.3.1/thumb/v6-m/crtn.o
                0x00002000                STACK_SIZE = DEFINED (STACK_SIZE)?STACK_SIZE:DEFINED (__stack_size__)?__stack_size__:0x2000

.text           0x00000000     0x20a4
                0x00000000                . = ALIGN (0x4)
                0x00000000                _sfixed = .
 *(.vectors .vectors.*)
 .vectors       0x00000000       0xb4 Device_Startup/startup_samd21.o
                0x00000000                exception_table
 *(.text .text.* .gnu.linkonce.t.*)
 .text          0x000000b4       0x60 c:/program files (x86)/atmel/studio/7.0/toolchain/arm/arm-gnu-toolchain/bin/../lib/gcc/arm-none-eabi/6.3.1/thumb/v6-m/crtbegin.o
 .text.A1_Timer_Timeout
                0x00000114       0x5c A1Task.o
 .text.A1_task  0x00000170       0x88 A1Task.o
                0x00000170                A1_task
 .text.A2_Timer_Timeout
                0x000001f8       0x5c A2Task.o
 .text.A2_task  0x00000254       0x8c A2Task.o
                0x00000254                A2_task
 .text.atmel_start_init
                0x000002e0        0xc atmel_start.o
                0x000002e0                atmel_start_init
 .text.Dummy_Handler
                0x000002ec        0x2 Device_Startup/startup_samd21.o
                0x000002ec                DMAC_Handler
                0x000002ec                HardFault_Handler
                0x000002ec                AC_Handler
                0x000002ec                SERCOM1_Handler
                0x000002ec                ADC_Handler
                0x000002ec                NonMaskableInt_Handler
                0x000002ec                TCC1_Handler
                0x000002ec                SERCOM2_Handler
                0x000002ec                TCC0_Handler
                0x000002ec                EIC_Handler
                0x000002ec                WDT_Handler
                0x000002ec                TC4_Handler
                0x000002ec                USB_Handler
                0x000002ec                TC3_Handler
                0x000002ec                Dummy_Handler
                0x000002ec                PM_Handler
                0x000002ec                SERCOM5_Handler
                0x000002ec                TCC2_Handler
                0x000002ec                EVSYS_Handler
                0x000002ec                SERCOM3_Handler
                0x000002ec                SERCOM4_Handler
                0x000002ec                I2S_Handler
                0x000002ec                NVMCTRL_Handler
                0x000002ec                DAC_Handler
                0x000002ec                PTC_Handler
                0x000002ec                TC5_Handler
                0x000002ec                SYSCTRL_Handler
 *fill*         0x000002ee        0x2 
 .text.Reset_Handler
                0x000002f0       0xbc Device_Startup/startup_samd21.o
                0x000002f0                Reset_Handler
 .text.USART_0_CLOCK_init
                0x000003ac       0x20 driver_init.o
                0x000003ac                USART_0_CLOCK_init
 .text.USART_0_PORT_init
                0x000003cc       0x3c driver_init.o
                0x000003cc                USART_0_PORT_init
 .text.USART_0_init
                0x00000408       0x34 driver_init.o
                0x00000408                USART_0_init
 .text.system_init
                0x0000043c       0x50 driver_init.o
                0x0000043c                system_init
 .text.atomic_enter_critical
                0x0000048c        0xe hal/src/hal_atomic.o
                0x0000048c                atomic_enter_critical
 .text.atomic_leave_critical
                0x0000049a        0xc hal/src/hal_atomic.o
                0x0000049a                atomic_leave_critical
 .text.io_write
                0x000004a6        0x8 hal/src/hal_io.o
                0x000004a6                io_write
 *fill*         0x000004ae        0x2 
 .text.timer_add_timer_task
                0x000004b0       0x58 hal/src/hal_timer.o
 .text.timer_process_counted
                0x00000508       0x60 hal/src/hal_timer.o
 .text.timer_init
                0x00000568       0x1c hal/src/hal_timer.o
                0x00000568                timer_init
 .text.usart_transmission_complete
                0x00000584       0x12 hal/src/hal_usart_async.o
 .text.usart_error
                0x00000596       0x12 hal/src/hal_usart_async.o
 .text.usart_fill_rx_buffer
                0x000005a8       0x1c hal/src/hal_usart_async.o
 .text.usart_async_write
                0x000005c4       0x34 hal/src/hal_usart_async.o
 .text.usart_process_byte_sent
                0x000005f8       0x3c hal/src/hal_usart_async.o
 .text.usart_async_read
                0x00000634       0x58 hal/src/hal_usart_async.o
 .text.usart_async_init
                0x0000068c       0x64 hal/src/hal_usart_async.o
                0x0000068c                usart_async_init
 .text.usart_async_enable
                0x000006f0       0x10 hal/src/hal_usart_async.o
                0x000006f0                usart_async_enable
 .text.usart_async_get_io_descriptor
                0x00000700        0x6 hal/src/hal_usart_async.o
                0x00000700                usart_async_get_io_descriptor
 .text.list_insert_as_head
                0x00000706        0x8 hal/utils/src/utils_list.o
                0x00000706                list_insert_as_head
 .text.list_insert_after
                0x0000070e        0x8 hal/utils/src/utils_list.o
                0x0000070e                list_insert_after
 .text.list_remove_head
                0x00000716        0xe hal/utils/src/utils_list.o
                0x00000716                list_remove_head
 .text.ringbuffer_init
                0x00000724       0x18 hal/utils/src/utils_ringbuffer.o
                0x00000724                ringbuffer_init
 .text.ringbuffer_get
                0x0000073c       0x22 hal/utils/src/utils_ringbuffer.o
                0x0000073c                ringbuffer_get
 .text.ringbuffer_put
                0x0000075e       0x22 hal/utils/src/utils_ringbuffer.o
                0x0000075e                ringbuffer_put
 .text.ringbuffer_num
                0x00000780        0x8 hal/utils/src/utils_ringbuffer.o
                0x00000780                ringbuffer_num
 .text._init_chip
                0x00000788       0x30 hpl/core/hpl_init.o
                0x00000788                _init_chip
 .text._gclk_init_generators_by_fref
                0x000007b8       0x20 hpl/gclk/hpl_gclk.o
                0x000007b8                _gclk_init_generators_by_fref
 .text._pm_init
                0x000007d8       0x20 hpl/pm/hpl_pm.o
                0x000007d8                _pm_init
 .text.hri_rtc_wait_for_sync
                0x000007f8        0x8 hpl/rtc/hpl_rtc.o
 .text._timer_init
                0x00000800       0x3c hpl/rtc/hpl_rtc.o
                0x00000800                _timer_init
 .text._rtc_get_timer
                0x0000083c        0x4 hpl/rtc/hpl_rtc.o
                0x0000083c                _rtc_get_timer
 .text.RTC_Handler
                0x00000840       0x24 hpl/rtc/hpl_rtc.o
                0x00000840                RTC_Handler
 .text.__NVIC_EnableIRQ
                0x00000864       0x18 hpl/sercom/hpl_sercom.o
 .text.__NVIC_DisableIRQ
                0x0000087c       0x20 hpl/sercom/hpl_sercom.o
 .text.__NVIC_ClearPendingIRQ
                0x0000089c       0x1c hpl/sercom/hpl_sercom.o
 .text.hri_sercomusart_wait_for_sync
                0x000008b8        0x8 hpl/sercom/hpl_sercom.o
 .text.hri_sercomusart_clear_CTRLA_ENABLE_bit
                0x000008c0       0x18 hpl/sercom/hpl_sercom.o
 .text._usart_init
                0x000008d8       0x68 hpl/sercom/hpl_sercom.o
 .text._usart_async_init
                0x00000940       0x58 hpl/sercom/hpl_sercom.o
                0x00000940                _usart_async_init
 .text._usart_async_enable
                0x00000998       0x18 hpl/sercom/hpl_sercom.o
                0x00000998                _usart_async_enable
 .text._usart_async_write_byte
                0x000009b0        0x8 hpl/sercom/hpl_sercom.o
                0x000009b0                _usart_async_write_byte
 .text._usart_async_enable_byte_sent_irq
                0x000009b8        0x8 hpl/sercom/hpl_sercom.o
                0x000009b8                _usart_async_enable_byte_sent_irq
 .text._usart_async_enable_tx_done_irq
                0x000009c0        0x8 hpl/sercom/hpl_sercom.o
                0x000009c0                _usart_async_enable_tx_done_irq
 .text.SERCOM0_Handler
                0x000009c8       0x6c hpl/sercom/hpl_sercom.o
                0x000009c8                SERCOM0_Handler
 .text._sysctrl_init_sources
                0x00000a34       0x44 hpl/sysctrl/hpl_sysctrl.o
                0x00000a34                _sysctrl_init_sources
 .text._sysctrl_init_referenced_generators
                0x00000a78       0x10 hpl/sysctrl/hpl_sysctrl.o
                0x00000a78                _sysctrl_init_referenced_generators
 .text.startup.main
                0x00000a88       0x78 main.o
                0x00000a88                main
 .text.SER_Task
                0x00000b00       0x98 SerialTask.o
                0x00000b00                SER_Task
 .text.ST_SendMsg
                0x00000b98       0x3c SerialTask.o
                0x00000b98                ST_SendMsg
 .text.vListInitialise
                0x00000bd4       0x16 thirdparty/RTOS/freertos/FreeRTOSV8.0.1/Source/list.o
                0x00000bd4                vListInitialise
 .text.vListInitialiseItem
                0x00000bea        0x6 thirdparty/RTOS/freertos/FreeRTOSV8.0.1/Source/list.o
                0x00000bea                vListInitialiseItem
 .text.vListInsertEnd
                0x00000bf0       0x18 thirdparty/RTOS/freertos/FreeRTOSV8.0.1/Source/list.o
                0x00000bf0                vListInsertEnd
 .text.vListInsert
                0x00000c08       0x2e thirdparty/RTOS/freertos/FreeRTOSV8.0.1/Source/list.o
                0x00000c08                vListInsert
 .text.uxListRemove
                0x00000c36       0x20 thirdparty/RTOS/freertos/FreeRTOSV8.0.1/Source/list.o
                0x00000c36                uxListRemove
 *fill*         0x00000c56        0x2 
 .text.prvTaskExitError
                0x00000c58       0x14 thirdparty/RTOS/freertos/FreeRTOSV8.0.1/Source/portable/GCC/ARM_CM0/port.o
 .text.vPortStartFirstTask
                0x00000c6c       0x20 thirdparty/RTOS/freertos/FreeRTOSV8.0.1/Source/portable/GCC/ARM_CM0/port.o
 .text.pxPortInitialiseStack
                0x00000c8c       0x20 thirdparty/RTOS/freertos/FreeRTOSV8.0.1/Source/portable/GCC/ARM_CM0/port.o
                0x00000c8c                pxPortInitialiseStack
 .text.SVCall_Handler
                0x00000cac        0x2 thirdparty/RTOS/freertos/FreeRTOSV8.0.1/Source/portable/GCC/ARM_CM0/port.o
                0x00000cac                SVCall_Handler
 *fill*         0x00000cae        0x2 
 .text.vPortYield
                0x00000cb0       0x18 thirdparty/RTOS/freertos/FreeRTOSV8.0.1/Source/portable/GCC/ARM_CM0/port.o
                0x00000cb0                vPortYield
 .text.vPortEnterCritical
                0x00000cc8       0x18 thirdparty/RTOS/freertos/FreeRTOSV8.0.1/Source/portable/GCC/ARM_CM0/port.o
                0x00000cc8                vPortEnterCritical
 .text.vPortExitCritical
                0x00000ce0       0x1c thirdparty/RTOS/freertos/FreeRTOSV8.0.1/Source/portable/GCC/ARM_CM0/port.o
                0x00000ce0                vPortExitCritical
 .text.ulSetInterruptMaskFromISR
                0x00000cfc        0xa thirdparty/RTOS/freertos/FreeRTOSV8.0.1/Source/portable/GCC/ARM_CM0/port.o
                0x00000cfc                ulSetInterruptMaskFromISR
 .text.vClearInterruptMaskFromISR
                0x00000d06        0x6 thirdparty/RTOS/freertos/FreeRTOSV8.0.1/Source/portable/GCC/ARM_CM0/port.o
                0x00000d06                vClearInterruptMaskFromISR
 .text.PendSV_Handler
                0x00000d0c       0x44 thirdparty/RTOS/freertos/FreeRTOSV8.0.1/Source/portable/GCC/ARM_CM0/port.o
                0x00000d0c                PendSV_Handler
 .text.SysTick_Handler
                0x00000d50       0x30 thirdparty/RTOS/freertos/FreeRTOSV8.0.1/Source/portable/GCC/ARM_CM0/port.o
                0x00000d50                SysTick_Handler
 .text.vPortSetupTimerInterrupt
                0x00000d80       0x24 thirdparty/RTOS/freertos/FreeRTOSV8.0.1/Source/portable/GCC/ARM_CM0/port.o
                0x00000d80                vPortSetupTimerInterrupt
 .text.xPortStartScheduler
                0x00000da4       0x40 thirdparty/RTOS/freertos/FreeRTOSV8.0.1/Source/portable/GCC/ARM_CM0/port.o
                0x00000da4                xPortStartScheduler
 .text.pvPortMalloc
                0x00000de4       0x58 thirdparty/RTOS/freertos/FreeRTOSV8.0.1/Source/portable/MemMang/heap_1.o
                0x00000de4                pvPortMalloc
 .text.vPortFree
                0x00000e3c        0xa thirdparty/RTOS/freertos/FreeRTOSV8.0.1/Source/portable/MemMang/heap_1.o
                0x00000e3c                vPortFree
 *fill*         0x00000e46        0x2 
 .text.unlikely.prvCopyDataToQueue
                0x00000e48       0x74 thirdparty/RTOS/freertos/FreeRTOSV8.0.1/Source/queue.o
 .text.prvNotifyQueueSetContainer
                0x00000ebc       0x4c thirdparty/RTOS/freertos/FreeRTOSV8.0.1/Source/queue.o
 .text.unlikely.prvCopyDataFromQueue
                0x00000f08       0x28 thirdparty/RTOS/freertos/FreeRTOSV8.0.1/Source/queue.o
 .text.prvUnlockQueue
                0x00000f30       0x90 thirdparty/RTOS/freertos/FreeRTOSV8.0.1/Source/queue.o
 .text.xQueueGenericReset
                0x00000fc0       0x78 thirdparty/RTOS/freertos/FreeRTOSV8.0.1/Source/queue.o
                0x00000fc0                xQueueGenericReset
 .text.xQueueGenericCreate
                0x00001038       0x58 thirdparty/RTOS/freertos/FreeRTOSV8.0.1/Source/queue.o
                0x00001038                xQueueGenericCreate
 .text.xQueueGenericSend
                0x00001090      0x150 thirdparty/RTOS/freertos/FreeRTOSV8.0.1/Source/queue.o
                0x00001090                xQueueGenericSend
 .text.xQueueCreateMutex
                0x000011e0       0x5c thirdparty/RTOS/freertos/FreeRTOSV8.0.1/Source/queue.o
                0x000011e0                xQueueCreateMutex
 .text.xQueueGenericSendFromISR
                0x0000123c       0xac thirdparty/RTOS/freertos/FreeRTOSV8.0.1/Source/queue.o
                0x0000123c                xQueueGenericSendFromISR
 .text.xQueueGenericReceive
                0x000012e8      0x168 thirdparty/RTOS/freertos/FreeRTOSV8.0.1/Source/queue.o
                0x000012e8                xQueueGenericReceive
 .text.vQueueWaitForMessageRestricted
                0x00001450       0x4c thirdparty/RTOS/freertos/FreeRTOSV8.0.1/Source/queue.o
                0x00001450                vQueueWaitForMessageRestricted
 .text.prvGetExpectedIdleTime
                0x0000149c       0x2c thirdparty/RTOS/freertos/FreeRTOSV8.0.1/Source/tasks.o
 .text.prvResetNextTaskUnblockTime
                0x000014c8       0x28 thirdparty/RTOS/freertos/FreeRTOSV8.0.1/Source/tasks.o
 .text.prvAddCurrentTaskToDelayedList
                0x000014f0       0x44 thirdparty/RTOS/freertos/FreeRTOSV8.0.1/Source/tasks.o
 .text.xTaskGenericCreate.part.5
                0x00001534      0x188 thirdparty/RTOS/freertos/FreeRTOSV8.0.1/Source/tasks.o
 .text.xTaskGenericCreate
                0x000016bc       0x2c thirdparty/RTOS/freertos/FreeRTOSV8.0.1/Source/tasks.o
                0x000016bc                xTaskGenericCreate
 .text.vTaskStartScheduler
                0x000016e8       0x54 thirdparty/RTOS/freertos/FreeRTOSV8.0.1/Source/tasks.o
                0x000016e8                vTaskStartScheduler
 .text.vTaskSuspendAll
                0x0000173c       0x10 thirdparty/RTOS/freertos/FreeRTOSV8.0.1/Source/tasks.o
                0x0000173c                vTaskSuspendAll
 .text.xTaskGetTickCount
                0x0000174c       0x20 thirdparty/RTOS/freertos/FreeRTOSV8.0.1/Source/tasks.o
                0x0000174c                xTaskGetTickCount
 .text.xTaskIncrementTick
                0x0000176c       0xe8 thirdparty/RTOS/freertos/FreeRTOSV8.0.1/Source/tasks.o
                0x0000176c                xTaskIncrementTick
 .text.xTaskResumeAll
                0x00001854       0xc4 thirdparty/RTOS/freertos/FreeRTOSV8.0.1/Source/tasks.o
                0x00001854                xTaskResumeAll
 .text.prvIdleTask
                0x00001918       0x50 thirdparty/RTOS/freertos/FreeRTOSV8.0.1/Source/tasks.o
 .text.vTaskSwitchContext
                0x00001968       0x64 thirdparty/RTOS/freertos/FreeRTOSV8.0.1/Source/tasks.o
                0x00001968                vTaskSwitchContext
 .text.vTaskPlaceOnEventList
                0x000019cc       0x54 thirdparty/RTOS/freertos/FreeRTOSV8.0.1/Source/tasks.o
                0x000019cc                vTaskPlaceOnEventList
 .text.vTaskPlaceOnEventListRestricted
                0x00001a20       0x40 thirdparty/RTOS/freertos/FreeRTOSV8.0.1/Source/tasks.o
                0x00001a20                vTaskPlaceOnEventListRestricted
 .text.xTaskRemoveFromEventList
                0x00001a60       0x6c thirdparty/RTOS/freertos/FreeRTOSV8.0.1/Source/tasks.o
                0x00001a60                xTaskRemoveFromEventList
 .text.vTaskSetTimeOutState
                0x00001acc       0x18 thirdparty/RTOS/freertos/FreeRTOSV8.0.1/Source/tasks.o
                0x00001acc                vTaskSetTimeOutState
 .text.xTaskCheckForTimeOut
                0x00001ae4       0x64 thirdparty/RTOS/freertos/FreeRTOSV8.0.1/Source/tasks.o
                0x00001ae4                xTaskCheckForTimeOut
 .text.vTaskMissedYield
                0x00001b48        0xc thirdparty/RTOS/freertos/FreeRTOSV8.0.1/Source/tasks.o
                0x00001b48                vTaskMissedYield
 .text.xTaskGetCurrentTaskHandle
                0x00001b54        0xc thirdparty/RTOS/freertos/FreeRTOSV8.0.1/Source/tasks.o
                0x00001b54                xTaskGetCurrentTaskHandle
 .text.xTaskGetSchedulerState
                0x00001b60       0x18 thirdparty/RTOS/freertos/FreeRTOSV8.0.1/Source/tasks.o
                0x00001b60                xTaskGetSchedulerState
 .text.vTaskPriorityInherit
                0x00001b78       0x74 thirdparty/RTOS/freertos/FreeRTOSV8.0.1/Source/tasks.o
                0x00001b78                vTaskPriorityInherit
 .text.vTaskPriorityDisinherit
                0x00001bec       0x54 thirdparty/RTOS/freertos/FreeRTOSV8.0.1/Source/tasks.o
                0x00001bec                vTaskPriorityDisinherit
 .text.prvCheckForValidListAndQueue
                0x00001c40       0x54 thirdparty/RTOS/freertos/FreeRTOSV8.0.1/Source/timers.o
 .text.prvInsertTimerInActiveList
                0x00001c94       0x40 thirdparty/RTOS/freertos/FreeRTOSV8.0.1/Source/timers.o
 .text.xTimerCreateTimerTask
                0x00001cd4       0x44 thirdparty/RTOS/freertos/FreeRTOSV8.0.1/Source/timers.o
                0x00001cd4                xTimerCreateTimerTask
 .text.xTimerCreate
                0x00001d18       0x44 thirdparty/RTOS/freertos/FreeRTOSV8.0.1/Source/timers.o
                0x00001d18                xTimerCreate
 .text.xTimerGenericCommand
                0x00001d5c       0x50 thirdparty/RTOS/freertos/FreeRTOSV8.0.1/Source/timers.o
                0x00001d5c                xTimerGenericCommand
 .text.prvSwitchTimerLists
                0x00001dac       0x6c thirdparty/RTOS/freertos/FreeRTOSV8.0.1/Source/timers.o
 .text.prvTimerTask
                0x00001e18      0x180 thirdparty/RTOS/freertos/FreeRTOSV8.0.1/Source/timers.o
 .text.__libc_init_array
                0x00001f98       0x48 c:/program files (x86)/atmel/studio/7.0/toolchain/arm/arm-gnu-toolchain/bin/../lib/gcc/arm-none-eabi/6.3.1/../../../../arm-none-eabi/lib/thumb/v6-m\libc_nano.a(lib_a-init.o)
                0x00001f98                __libc_init_array
 .text.memcpy   0x00001fe0       0x12 c:/program files (x86)/atmel/studio/7.0/toolchain/arm/arm-gnu-toolchain/bin/../lib/gcc/arm-none-eabi/6.3.1/../../../../arm-none-eabi/lib/thumb/v6-m\libc_nano.a(lib_a-memcpy-stub.o)
                0x00001fe0                memcpy
 .text.memset   0x00001ff2       0x10 c:/program files (x86)/atmel/studio/7.0/toolchain/arm/arm-gnu-toolchain/bin/../lib/gcc/arm-none-eabi/6.3.1/../../../../arm-none-eabi/lib/thumb/v6-m\libc_nano.a(lib_a-memset.o)
                0x00001ff2                memset
 .text          0x00002002        0xe c:/program files (x86)/atmel/studio/7.0/toolchain/arm/arm-gnu-toolchain/bin/../lib/gcc/arm-none-eabi/6.3.1/../../../../arm-none-eabi/lib/thumb/v6-m\libc_nano.a(lib_a-strlen.o)
                0x00002002                strlen
 *(.glue_7t)
 .glue_7t       0x00002010        0x0 linker stubs
 *(.glue_7)
 .glue_7        0x00002010        0x0 linker stubs
 *(.rodata .rodata* .gnu.linkonce.r.*)
 .rodata.str1.1
                0x00002010       0x1c A1Task.o
 .rodata.str1.1
                0x0000202c       0x1c A2Task.o
 .rodata.str1.1
                0x00002048        0xd main.o
 .rodata.str1.1
                0x00002055        0xe SerialTask.o
 .rodata.str1.1
                0x00002063       0x17 thirdparty/RTOS/freertos/FreeRTOSV8.0.1/Source/tasks.o
 .rodata.str1.1
                0x0000207a        0x8 thirdparty/RTOS/freertos/FreeRTOSV8.0.1/Source/timers.o
 *(.ARM.extab* .gnu.linkonce.armextab.*)
                0x00002084                . = ALIGN (0x4)
 *fill*         0x00002082        0x2 
 *(.init)
 .init          0x00002084        0x4 c:/program files (x86)/atmel/studio/7.0/toolchain/arm/arm-gnu-toolchain/bin/../lib/gcc/arm-none-eabi/6.3.1/thumb/v6-m/crti.o
                0x00002084                _init
 .init          0x00002088        0x8 c:/program files (x86)/atmel/studio/7.0/toolchain/arm/arm-gnu-toolchain/bin/../lib/gcc/arm-none-eabi/6.3.1/thumb/v6-m/crtn.o
                0x00002090                . = ALIGN (0x4)
                0x00002090                __preinit_array_start = .
 *(.preinit_array)
                0x00002090                __preinit_array_end = .
                0x00002090                . = ALIGN (0x4)
                0x00002090                __init_array_start = .
 *(SORT(.init_array.*))
 *(.init_array)
 .init_array    0x00002090        0x4 c:/program files (x86)/atmel/studio/7.0/toolchain/arm/arm-gnu-toolchain/bin/../lib/gcc/arm-none-eabi/6.3.1/thumb/v6-m/crtbegin.o
                0x00002094                __init_array_end = .
                0x00002094                . = ALIGN (0x4)
 *crtbegin.o(.ctors)
 *(EXCLUDE_FILE(*crtend.o) .ctors)
 *(SORT(.ctors.*))
 *crtend.o(.ctors)
                0x00002094                . = ALIGN (0x4)
 *(.fini)
 .fini          0x00002094        0x4 c:/program files (x86)/atmel/studio/7.0/toolchain/arm/arm-gnu-toolchain/bin/../lib/gcc/arm-none-eabi/6.3.1/thumb/v6-m/crti.o
                0x00002094                _fini
 .fini          0x00002098        0x8 c:/program files (x86)/atmel/studio/7.0/toolchain/arm/arm-gnu-toolchain/bin/../lib/gcc/arm-none-eabi/6.3.1/thumb/v6-m/crtn.o
                0x000020a0                . = ALIGN (0x4)
                0x000020a0                __fini_array_start = .
 *(.fini_array)
 .fini_array    0x000020a0        0x4 c:/program files (x86)/atmel/studio/7.0/toolchain/arm/arm-gnu-toolchain/bin/../lib/gcc/arm-none-eabi/6.3.1/thumb/v6-m/crtbegin.o
 *(SORT(.fini_array.*))
                0x000020a4                __fini_array_end = .
 *crtbegin.o(.dtors)
 *(EXCLUDE_FILE(*crtend.o) .dtors)
 *(SORT(.dtors.*))
 *crtend.o(.dtors)
                0x000020a4                . = ALIGN (0x4)
                0x000020a4                _efixed = .
                [!provide]                PROVIDE (__exidx_start, .)

.vfp11_veneer   0x000020a4        0x0
 .vfp11_veneer  0x000020a4        0x0 linker stubs

.v4_bx          0x000020a4        0x0
 .v4_bx         0x000020a4        0x0 linker stubs

.iplt           0x000020a4        0x0
 .iplt          0x000020a4        0x0 c:/program files (x86)/atmel/studio/7.0/toolchain/arm/arm-gnu-toolchain/bin/../lib/gcc/arm-none-eabi/6.3.1/thumb/v6-m/crtbegin.o

.eh_frame       0x000020a4        0x0
 .eh_frame      0x000020a4        0x0 c:/program files (x86)/atmel/studio/7.0/toolchain/arm/arm-gnu-toolchain/bin/../lib/gcc/arm-none-eabi/6.3.1/thumb/v6-m/crtbegin.o

.rel.dyn        0x000020a4        0x0
 .rel.iplt      0x000020a4        0x0 c:/program files (x86)/atmel/studio/7.0/toolchain/arm/arm-gnu-toolchain/bin/../lib/gcc/arm-none-eabi/6.3.1/thumb/v6-m/crtbegin.o

.jcr            0x000020a4        0x0
 .jcr           0x000020a4        0x0 c:/program files (x86)/atmel/studio/7.0/toolchain/arm/arm-gnu-toolchain/bin/../lib/gcc/arm-none-eabi/6.3.1/thumb/v6-m/crtbegin.o

.igot.plt       0x000020a4        0x0
 .igot.plt      0x000020a4        0x0 c:/program files (x86)/atmel/studio/7.0/toolchain/arm/arm-gnu-toolchain/bin/../lib/gcc/arm-none-eabi/6.3.1/thumb/v6-m/crtbegin.o

.ARM.exidx
 *(.ARM.exidx* .gnu.linkonce.armexidx.*)
                [!provide]                PROVIDE (__exidx_end, .)
                0x000020a4                . = ALIGN (0x4)
                0x000020a4                _etext = .

.relocate       0x20000000        0x8 load address 0x000020a4
                0x20000000                . = ALIGN (0x4)
                0x20000000                _srelocate = .
 *(.ramfunc .ramfunc.*)
 *(.data .data.*)
 .data          0x20000000        0x4 thirdparty/RTOS/freertos/FreeRTOSV8.0.1/Source/portable/GCC/ARM_CM0/port.o
 .data          0x20000004        0x4 thirdparty/RTOS/freertos/FreeRTOSV8.0.1/Source/tasks.o
                0x20000008                . = ALIGN (0x4)
                0x20000008                _erelocate = .

.bss            0x20000008     0x2a10 load address 0x000020ac
                0x20000008                . = ALIGN (0x4)
                0x20000008                _sbss = .
                0x20000008                _szero = .
 *(.bss .bss.*)
 .bss           0x20000008       0x1c c:/program files (x86)/atmel/studio/7.0/toolchain/arm/arm-gnu-toolchain/bin/../lib/gcc/arm-none-eabi/6.3.1/thumb/v6-m/crtbegin.o
 .bss           0x20000024       0x18 A1Task.o
 .bss           0x2000003c       0x18 A2Task.o
 .bss           0x20000054       0x10 driver_init.o
 .bss           0x20000064        0x4 hpl/rtc/hpl_rtc.o
 .bss           0x20000068        0x4 hpl/sercom/hpl_sercom.o
 .bss           0x2000006c       0x18 SerialTask.o
 .bss           0x20000084     0x2808 thirdparty/RTOS/freertos/FreeRTOSV8.0.1/Source/portable/MemMang/heap_1.o
 .bss           0x2000288c       0xe4 thirdparty/RTOS/freertos/FreeRTOSV8.0.1/Source/tasks.o
                0x200028b4                pxCurrentTCB
 .bss           0x20002970       0x38 thirdparty/RTOS/freertos/FreeRTOSV8.0.1/Source/timers.o
 *(COMMON)
 COMMON         0x200029a8       0x6c driver_init.o
                0x200029a8                USART_0
                0x200029f8                TIMER_0
 COMMON         0x20002a14        0x4 SerialTask.o
                0x20002a14                ioSer
                0x20002a18                . = ALIGN (0x4)
                0x20002a18                _ebss = .
                0x20002a18                _ezero = .

.stack          0x20002a18     0x2000 load address 0x00004abc
                0x20002a18                . = ALIGN (0x8)
                0x20002a18                _sstack = .
                0x20004a18                . = (. + STACK_SIZE)
 *fill*         0x20002a18     0x2000 
                0x20004a18                . = ALIGN (0x8)
                0x20004a18                _estack = .
                0x20004a18                . = ALIGN (0x4)
                0x20004a18                _end = .
OUTPUT(MyRTOSproject.elf elf32-littlearm)

.ARM.attributes
                0x00000000       0x28
 .ARM.attributes
                0x00000000       0x1e c:/program files (x86)/atmel/studio/7.0/toolchain/arm/arm-gnu-toolchain/bin/../lib/gcc/arm-none-eabi/6.3.1/thumb/v6-m/crti.o
 .ARM.attributes
                0x0000001e       0x2c c:/program files (x86)/atmel/studio/7.0/toolchain/arm/arm-gnu-toolchain/bin/../lib/gcc/arm-none-eabi/6.3.1/thumb/v6-m/crtbegin.o
 .ARM.attributes
                0x0000004a       0x32 A1Task.o
 .ARM.attributes
                0x0000007c       0x32 A2Task.o
 .ARM.attributes
                0x000000ae       0x32 atmel_start.o
 .ARM.attributes
                0x000000e0       0x32 Device_Startup/startup_samd21.o
 .ARM.attributes
                0x00000112       0x32 driver_init.o
 .ARM.attributes
                0x00000144       0x32 hal/src/hal_atomic.o
 .ARM.attributes
                0x00000176       0x32 hal/src/hal_io.o
 .ARM.attributes
                0x000001a8       0x32 hal/src/hal_timer.o
 .ARM.attributes
                0x000001da       0x32 hal/src/hal_usart_async.o
 .ARM.attributes
                0x0000020c       0x32 hal/utils/src/utils_list.o
 .ARM.attributes
                0x0000023e       0x32 hal/utils/src/utils_ringbuffer.o
 .ARM.attributes
                0x00000270       0x32 hpl/core/hpl_init.o
 .ARM.attributes
                0x000002a2       0x32 hpl/gclk/hpl_gclk.o
 .ARM.attributes
                0x000002d4       0x32 hpl/pm/hpl_pm.o
 .ARM.attributes
                0x00000306       0x32 hpl/rtc/hpl_rtc.o
 .ARM.attributes
                0x00000338       0x32 hpl/sercom/hpl_sercom.o
 .ARM.attributes
                0x0000036a       0x32 hpl/sysctrl/hpl_sysctrl.o
 .ARM.attributes
                0x0000039c       0x32 main.o
 .ARM.attributes
                0x000003ce       0x32 SerialTask.o
 .ARM.attributes
                0x00000400       0x32 thirdparty/RTOS/freertos/FreeRTOSV8.0.1/Source/list.o
 .ARM.attributes
                0x00000432       0x32 thirdparty/RTOS/freertos/FreeRTOSV8.0.1/Source/portable/GCC/ARM_CM0/port.o
 .ARM.attributes
                0x00000464       0x32 thirdparty/RTOS/freertos/FreeRTOSV8.0.1/Source/portable/MemMang/heap_1.o
 .ARM.attributes
                0x00000496       0x32 thirdparty/RTOS/freertos/FreeRTOSV8.0.1/Source/queue.o
 .ARM.attributes
                0x000004c8       0x32 thirdparty/RTOS/freertos/FreeRTOSV8.0.1/Source/tasks.o
 .ARM.attributes
                0x000004fa       0x32 thirdparty/RTOS/freertos/FreeRTOSV8.0.1/Source/timers.o
 .ARM.attributes
                0x0000052c       0x2c c:/program files (x86)/atmel/studio/7.0/toolchain/arm/arm-gnu-toolchain/bin/../lib/gcc/arm-none-eabi/6.3.1/../../../../arm-none-eabi/lib/thumb/v6-m\libc_nano.a(lib_a-init.o)
 .ARM.attributes
                0x00000558       0x2c c:/program files (x86)/atmel/studio/7.0/toolchain/arm/arm-gnu-toolchain/bin/../lib/gcc/arm-none-eabi/6.3.1/../../../../arm-none-eabi/lib/thumb/v6-m\libc_nano.a(lib_a-memcpy-stub.o)
 .ARM.attributes
                0x00000584       0x2c c:/program files (x86)/atmel/studio/7.0/toolchain/arm/arm-gnu-toolchain/bin/../lib/gcc/arm-none-eabi/6.3.1/../../../../arm-none-eabi/lib/thumb/v6-m\libc_nano.a(lib_a-memset.o)
 .ARM.attributes
                0x000005b0       0x1c c:/program files (x86)/atmel/studio/7.0/toolchain/arm/arm-gnu-toolchain/bin/../lib/gcc/arm-none-eabi/6.3.1/../../../../arm-none-eabi/lib/thumb/v6-m\libc_nano.a(lib_a-strlen.o)
 .ARM.attributes
                0x000005cc       0x1e c:/program files (x86)/atmel/studio/7.0/toolchain/arm/arm-gnu-toolchain/bin/../lib/gcc/arm-none-eabi/6.3.1/thumb/v6-m/crtn.o

.comment        0x00000000       0x59
 .comment       0x00000000       0x59 A1Task.o
                                 0x5a (size before relaxing)
 .comment       0x00000059       0x5a A2Task.o
 .comment       0x00000059       0x5a atmel_start.o
 .comment       0x00000059       0x5a Device_Startup/startup_samd21.o
 .comment       0x00000059       0x5a driver_init.o
 .comment       0x00000059       0x5a hal/src/hal_atomic.o
 .comment       0x00000059       0x5a hal/src/hal_io.o
 .comment       0x00000059       0x5a hal/src/hal_timer.o
 .comment       0x00000059       0x5a hal/src/hal_usart_async.o
 .comment       0x00000059       0x5a hal/utils/src/utils_list.o
 .comment       0x00000059       0x5a hal/utils/src/utils_ringbuffer.o
 .comment       0x00000059       0x5a hpl/core/hpl_init.o
 .comment       0x00000059       0x5a hpl/gclk/hpl_gclk.o
 .comment       0x00000059       0x5a hpl/pm/hpl_pm.o
 .comment       0x00000059       0x5a hpl/rtc/hpl_rtc.o
 .comment       0x00000059       0x5a hpl/sercom/hpl_sercom.o
 .comment       0x00000059       0x5a hpl/sysctrl/hpl_sysctrl.o
 .comment       0x00000059       0x5a main.o
 .comment       0x00000059       0x5a SerialTask.o
 .comment       0x00000059       0x5a thirdparty/RTOS/freertos/FreeRTOSV8.0.1/Source/list.o
 .comment       0x00000059       0x5a thirdparty/RTOS/freertos/FreeRTOSV8.0.1/Source/portable/GCC/ARM_CM0/port.o
 .comment       0x00000059       0x5a thirdparty/RTOS/freertos/FreeRTOSV8.0.1/Source/portable/MemMang/heap_1.o
 .comment       0x00000059       0x5a thirdparty/RTOS/freertos/FreeRTOSV8.0.1/Source/queue.o
 .comment       0x00000059       0x5a thirdparty/RTOS/freertos/FreeRTOSV8.0.1/Source/tasks.o
 .comment       0x00000059       0x5a thirdparty/RTOS/freertos/FreeRTOSV8.0.1/Source/timers.o

.debug_frame    0x00000000       0x74
 .debug_frame   0x00000000       0x2c c:/program files (x86)/atmel/studio/7.0/toolchain/arm/arm-gnu-toolchain/bin/../lib/gcc/arm-none-eabi/6.3.1/../../../../arm-none-eabi/lib/thumb/v6-m\libc_nano.a(lib_a-init.o)
 .debug_frame   0x0000002c       0x28 c:/program files (x86)/atmel/studio/7.0/toolchain/arm/arm-gnu-toolchain/bin/../lib/gcc/arm-none-eabi/6.3.1/../../../../arm-none-eabi/lib/thumb/v6-m\libc_nano.a(lib_a-memcpy-stub.o)
 .debug_frame   0x00000054       0x20 c:/program files (x86)/atmel/studio/7.0/toolchain/arm/arm-gnu-toolchain/bin/../lib/gcc/arm-none-eabi/6.3.1/../../../../arm-none-eabi/lib/thumb/v6-m\libc_nano.a(lib_a-memset.o)
